=== 물질별 결과 ===
  acetaminophen          반환 2080 · 대조 통과 297 · 후보 4
  ibuprofen              반환 1101 · 대조 통과 511 · 후보 3 (논문 부족으로 1개 뺌)
  naproxen               반환  381 · 대조 통과 284 · 후보 4
  loratadine             반환  100 · 대조 통과  74 · 후보 1
  cetirizine             반환  137 · 대조 통과  89 · 후보 3 (논문 부족으로 1개 뺌)
  diphenhydramine        반환 1246 · 대조 통과 123 · 후보 2 (논문 부족으로 2개 뺌)
  pseudoephedrine        반환  312 · 대조 통과  60 · 후보 3 (논문 부족으로 1개 뺌)
  famotidine             반환  159 · 대조 통과 118 · 후보 3 (논문 부족으로 1개 뺌)
  loperamide             반환  116 · 대조 통과  66 · 후보 2 (논문 부족으로 1개 뺌)
  bisacodyl              반환  115 · 대조 통과  64 · 후보 4
  lactulose              반환  223 · 대조 통과 124 · 후보 4
  benzoyl peroxide       반환  226 · 대조 통과  97 · 후보 2
  salicylic acid         반환  223 · 대조 통과  56 · 후보 4
  clotrimazole           반환  149 · 대조 통과  40 · 후보 2 (논문 부족으로 1개 뺌)
  hydrocortisone cream   반환   50 · 대조 통과  23 · 후보 1
  nicotine replacement therapy 반환  627 · 대조 통과 355 · 후보 3 (논문 부족으로 1개 뺌)
  artificial tears       반환  687 · 대조 통과 121 · 후보 2 (논문 부족으로 2개 뺌)
  orlistat               반환   85 · 대조 통과  59 · 후보 2
  capsaicin cream        반환   40 · 대조 통과  34 · 후보 2 (논문 부족으로 2개 뺌)
  vitamin D              반환 3529 · 대조 통과 390 · 후보 4
  vitamin C              반환 1550 · 대조 통과 303 · 후보 4
  vitamin K2             반환   97 · 대조 통과  61 · 후보 3 (논문 부족으로 1개 뺌)
  zinc supplementation   반환  258 · 대조 통과 157 · 후보 4
  magnesium supplementation 반환  198 · 대조 통과  74 · 후보 4
  iron supplementation   반환  452 · 대조 통과 204 · 후보 4
  selenium               반환  342 · 대조 통과 126 · 후보 4
  omega-3 fatty acids    반환 1553 · 대조 통과 250 · 후보 4
  probiotics             반환 2797 · 대조 통과 117 · 후보 4
  collagen peptide       반환  229 · 대조 통과  91 · 후보 4
  glucosamine            반환  147 · 대조 통과  66 · 후보 1
  curcumin               반환  391 · 대조 통과 272 · 후보 4
  ginseng                반환  217 · 대조 통과 101 · 후보 3 (논문 부족으로 1개 뺌)
  ginkgo biloba          반환  131 · 대조 통과  71 · 후보 1
  milk thistle           반환   62 · 대조 통과  13 · 후보 0
  coenzyme Q10           반환  257 · 대조 통과 112 · 후보 2 (논문 부족으로 2개 뺌)
  lutein                 반환  141 · 대조 통과  53 · 후보 2 (논문 부족으로 2개 뺌)
  l-arginine             반환  775 · 대조 통과 130 · 후보 3 (논문 부족으로 1개 뺌)
  taurine                반환  152 · 대조 통과  55 · 후보 4
  ashwagandha            반환   78 · 대조 통과  33 · 후보 1 (논문 부족으로 1개 뺌)
  saw palmetto           반환   28 · 대조 통과   8 · 후보 1
  valerian               반환   25 · 대조 통과  13 · 후보 0 (논문 부족으로 1개 뺌)
  st john's wort         반환   57 · 대조 통과  35 · 후보 1
  beta-glucan            반환  174 · 대조 통과  48 · 후보 3 (논문 부족으로 1개 뺌)
  inositol               반환  190 · 대조 통과 117 · 후보 4
  lactoferrin            반환  163 · 대조 통과 107 · 후보 3 (논문 부족으로 1개 뺌)
  spirulina              반환   89 · 대조 통과  50 · 후보 0 (논문 부족으로 1개 뺌)
  bromelain              반환   56 · 대조 통과  19 · 후보 1
  boswellia              반환   57 · 대조 통과  17 · 후보 1 (논문 부족으로 1개 뺌)
  rhodiola               반환   39 · 대조 통과  19 · 후보 1
  elderberry             반환   24 · 대조 통과   9 · 후보 0
  echinacea              반환   41 · 대조 통과  21 · 후보 0 (논문 부족으로 3개 뺌)
  propolis               반환  147 · 대조 통과  91 · 후보 2 (논문 부족으로 2개 뺌)
  chondroitin            반환  139 · 대조 통과  54 · 후보 2
  alpha-lipoic acid      반환  237 · 대조 통과  40 · 후보 2 (논문 부족으로 1개 뺌)
  phosphatidylserine     반환   49 · 대조 통과  15 · 후보 1
  nattokinase            반환   10 · 대조 통과   8 · 후보 0
  green tea              반환  924 · 대조 통과 134 · 후보 3 (논문 부족으로 1개 뺌)
  dark chocolate         반환   82 · 대조 통과  48 · 후보 1 (논문 부족으로 2개 뺌)
  blueberry              반환  159 · 대조 통과  84 · 후보 3 (논문 부족으로 1개 뺌)
  pomegranate juice      반환   56 · 대조 통과  39 · 후보 1
  tart cherry juice      반환   39 · 대조 통과  29 · 후보 0 (논문 부족으로 4개 뺌)
  kimchi                 반환   10 · 대조 통과   3 · 후보 0
  yogurt                 반환  458 · 대조 통과 121 · 후보 3 (논문 부족으로 1개 뺌)
  kefir                  반환   43 · 대조 통과  29 · 후보 1 (논문 부족으로 1개 뺌)
  oatmeal                반환   77 · 대조 통과  28 · 후보 1
  barley                 반환   88 · 대조 통과  33 · 후보 1 (논문 부족으로 1개 뺌)
  quinoa                 반환   26 · 대조 통과  10 · 후보 0
  avocado                반환   86 · 대조 통과  31 · 후보 2 (논문 부족으로 1개 뺌)
  walnuts                반환  138 · 대조 통과  28 · 후보 4
  pistachio              반환   48 · 대조 통과  17 · 후보 0
  olive oil              반환  732 · 대조 통과 228 · 후보 3 (논문 부족으로 1개 뺌)
  seaweed                반환   66 · 대조 통과  30 · 후보 1
  honey                  반환  364 · 대조 통과 145 · 후보 3 (논문 부족으로 1개 뺌)
  cinnamon               반환  126 · 대조 통과  50 · 후보 1
  apple cider vinegar    반환   20 · 대조 통과  12 · 후보 1
  sodium reduction       반환  828 · 대조 통과 200 · 후보 4
  intermittent fasting   반환  318 · 대조 통과 124 · 후보 3 (논문 부족으로 1개 뺌)
  time restricted eating 반환  392 · 대조 통과 238 · 후보 4
  low FODMAP diet        반환  118 · 대조 통과  80 · 후보 4
  DASH diet              반환  209 · 대조 통과  92 · 후보 4
  gluten free diet       반환  261 · 대조 통과 128 · 후보 4
  chewing gum            반환  975 · 대조 통과 123 · 후보 3 (논문 부족으로 1개 뺌)
  water intake           반환  944 · 대조 통과 155 · 후보 4
  brisk walking          반환  294 · 대조 통과  32 · 후보 2
  stair climbing         반환  236 · 대조 통과  16 · 후보 0 (논문 부족으로 1개 뺌)
  resistance band training 반환  609 · 대조 통과 157 · 후보 4
  bodyweight exercise    반환  156 · 대조 통과   7 · 후보 0
  high intensity interval training 반환 1208 · 대조 통과 366 · 후보 4
  swimming               반환  387 · 대조 통과  39 · 후보 1
  pilates                반환  493 · 대조 통과 353 · 후보 4
  stretching exercise    반환 4982 · 대조 통과  97 · 후보 4
  balance training       반환 3603 · 대조 통과 131 · 후보 4
  inspiratory muscle training 반환 1416 · 대조 통과 229 · 후보 4
  pelvic floor muscle training 반환  563 · 대조 통과 269 · 후보 4
  eccentric exercise     반환  655 · 대조 통과 212 · 후보 4
  aquatic exercise       반환  196 · 대조 통과  89 · 후보 2 (논문 부족으로 1개 뺌)
  sleep hygiene education 반환  532 · 대조 통과 235 · 후보 4
  mindfulness meditation 반환 1732 · 대조 통과 449 · 후보 4
  gratitude journaling   반환   21 · 대조 통과   8 · 후보 0
  expressive writing     반환  136 · 대조 통과  85 · 후보 3 (논문 부족으로 1개 뺌)
  digital detox          반환    9 · 대조 통과   7 · 후보 0
  social media reduction 반환   94 · 대조 통과  16 · 후보 1
  forest bathing         반환   27 · 대조 통과  16 · 후보 1
  sauna bathing          반환   23 · 대조 통과  16 · 후보 1 (논문 부족으로 1개 뺌)
  cold water immersion   반환   98 · 대조 통과  60 · 후보 1 (논문 부족으로 1개 뺌)
  power nap              반환    6 · 대조 통과   2 · 후보 1
  bright light exposure  반환  109 · 대조 통과  49 · 후보 4
  music listening        반환  910 · 대조 통과 601 · 후보 4
  aromatherapy           반환  350 · 대조 통과 174 · 후보 3 (논문 부족으로 1개 뺌)
  volunteering           반환 16133 → 물질 대조 후 0건. 건너뜀
  singing                반환  292 · 대조 통과  56 · 후보 2 (논문 부족으로 2개 뺌)
  cupping therapy        반환  129 · 대조 통과  92 · 후보 1 (논문 부족으로 3개 뺌)
  dry needling           반환  495 · 대조 통과 434 · 후보 2 (논문 부족으로 2개 뺌)
  kinesiology taping     반환  102 · 대조 통과  48 · 후보 3 (논문 부족으로 1개 뺌)
  compression stockings  반환  220 · 대조 통과 117 · 후보 2 (논문 부족으로 2개 뺌)
  foam rolling           반환   75 · 대조 통과  47 · 후보 2 (논문 부족으로 2개 뺌)
  massage therapy        반환 2274 · 대조 통과 302 · 후보 3 (논문 부족으로 1개 뺌)
  spinal manipulation    반환  376 · 대조 통과 133 · 후보 3 (논문 부족으로 1개 뺌)
  transcutaneous electrical nerve stimulation 반환 1702 · 대조 통과 251 · 후보 4
  red light therapy      반환  679 · 대조 통과 158 · 후보 4
  whole body vibration   반환  609 · 대조 통과 301 · 후보 4
  continuous glucose monitoring 반환 1414 · 대조 통과 219 · 후보 4
  weighted blanket       반환   49 · 대조 통과  25 · 후보 2 (논문 부족으로 2개 뺌)
  nasal irrigation       반환  290 · 대조 통과 120 · 후보 3 (논문 부족으로 1개 뺌)
  oral irrigator         반환   15 · 대조 통과   5 · 후보 1
  blue light blocking glasses 반환   39 · 대조 통과  23 · 후보 1 (논문 부족으로 1개 뺌)
  air purifier           반환   56 · 대조 통과  41 · 후보 2
  humidifier             반환  102 · 대조 통과  17 · 후보 2
  knee brace             반환  231 · 대조 통과  70 · 후보 2

후보 303개 뽑았습니다.
worklist.md 에 덧붙였습니다.
